// Jest Snapshot v1, https://goo.gl/fbAQLP

exports[`InspectorDevtools should send a init message to the extension 1`] = `
Object {
  "type": "init",
}
`;
